[debug] [2025-04-13T04:36:43.640Z] ----------------------------------------------------------------------
[debug] [2025-04-13T04:36:43.642Z] Command:       /usr/local/bin/node /Users/rodrigomedina/APPSRODRIGO/NutriSnap/nutrisnap-landing/node_modules/.bin/firebase init
[debug] [2025-04-13T04:36:43.642Z] CLI Version:   14.1.0
[debug] [2025-04-13T04:36:43.642Z] Platform:      darwin
[debug] [2025-04-13T04:36:43.642Z] Node Version:  v22.13.1
[debug] [2025-04-13T04:36:43.643Z] Time:          Sat Apr 12 2025 22:36:43 GMT-0600 (Central Standard Time)
[debug] [2025-04-13T04:36:43.643Z] ----------------------------------------------------------------------
[debug] 
[debug] [2025-04-13T04:36:43.646Z] > command requires scopes: ["email","openid","https://www.googleapis.com/auth/cloudplatformprojects.readonly","https://www.googleapis.com/auth/firebase","https://www.googleapis.com/auth/cloud-platform"]
[debug] [2025-04-13T04:36:43.647Z] > authorizing via signed-in user (rmedinavega@gmail.com)
[info] 
     ######## #### ########  ######## ########     ###     ######  ########
     ##        ##  ##     ## ##       ##     ##  ##   ##  ##       ##
     ######    ##  ########  ######   ########  #########  ######  ######
     ##        ##  ##    ##  ##       ##     ## ##     ##       ## ##
     ##       #### ##     ## ######## ########  ##     ##  ######  ########

You're about to initialize a Firebase project in this directory:

  /Users/rodrigomedina/APPSRODRIGO/NutriSnap/nutrisnap-landing

[info] 
=== Project Setup
[info] 
[info] First, let's associate this project directory with a Firebase project.
[info] You can create multiple project aliases by running firebase use --add, 
[info] but for now we'll just set up a default project.
[info] 
[info] i  If you want to create a project in a Google Cloud organization or folder, please use "firebase projects:create" instead, and return to this command when you've created the project. 
[debug] [2025-04-13T04:37:39.339Z] Checked if tokens are valid: false, expires at: 1743813672307
[debug] [2025-04-13T04:37:39.340Z] Checked if tokens are valid: false, expires at: 1743813672307
[debug] [2025-04-13T04:37:39.340Z] > refreshing access token with scopes: []
[debug] [2025-04-13T04:37:39.345Z] >>> [apiv2][query] POST https://www.googleapis.com/oauth2/v3/token [none]
[debug] [2025-04-13T04:37:39.345Z] >>> [apiv2][body] POST https://www.googleapis.com/oauth2/v3/token [omitted]
[debug] [2025-04-13T04:37:39.641Z] <<< [apiv2][status] POST https://www.googleapis.com/oauth2/v3/token 200
[debug] [2025-04-13T04:37:39.642Z] <<< [apiv2][body] POST https://www.googleapis.com/oauth2/v3/token [omitted]
[debug] [2025-04-13T04:37:39.657Z] >>> [apiv2][query] POST https://cloudresourcemanager.googleapis.com/v1/projects [none]
[debug] [2025-04-13T04:37:39.657Z] >>> [apiv2][body] POST https://cloudresourcemanager.googleapis.com/v1/projects {"projectId":"nutrisnapLanding","name":"nutrisnap Landing"}
[debug] [2025-04-13T04:37:40.111Z] <<< [apiv2][status] POST https://cloudresourcemanager.googleapis.com/v1/projects 400
[debug] [2025-04-13T04:37:40.112Z] <<< [apiv2][body] POST https://cloudresourcemanager.googleapis.com/v1/projects {"error":{"code":400,"message":"field [project_id] has issue [project_id contains invalid characters]","status":"INVALID_ARGUMENT","details":[{"@type":"type.googleapis.com/google.rpc.BadRequest","fieldViolations":[{"field":"project_id","description":"project_id contains invalid characters"}]},{"@type":"type.googleapis.com/google.rpc.Help","links":[{"url":"https://cloud.google.com/resource-manager/reference/rest/v1/projects"}]}]}}
[debug] [2025-04-13T04:37:40.300Z] FirebaseError: Request to https://cloudresourcemanager.googleapis.com/v1/projects had HTTP Error: 400, field [project_id] has issue [project_id contains invalid characters]
    at responseToError (/Users/rodrigomedina/APPSRODRIGO/NutriSnap/nutrisnap-landing/node_modules/firebase-tools/lib/responseToError.js:52:12)
    at RetryOperation._fn (/Users/rodrigomedina/APPSRODRIGO/NutriSnap/nutrisnap-landing/node_modules/firebase-tools/lib/apiv2.js:312:77)
    at process.processTicksAndRejections (node:internal/process/task_queues:105:5)
[error] 
[error] Error: Failed to create project. See firebase-debug.log for more info.
